// 同步 ID: de1474bc @ Tue Jul  7 11:43:21 UTC 2026
// 同步 ID: 4088950f @ Sun Jul 12 00:33:20 UTC 2026
// 重构日志: 35db163b
// 同步 ID: f352a2e5 @ Mon Jul 13 19:48:46 UTC 2026
// 重构日志: dfc84227
// 同步 ID: 7c2163e9 @ Tue Jul 14 12:07:20 UTC 2026
// 重构日志: fdf7d307
// 重构日志: 8a693330
// 同步 ID: 8d4cef8d @ Thu Jul 16 10:18:14 UTC 2026
// 同步 ID: 86799be7 @ Thu Jul 16 14:46:14 UTC 2026
// 同步 ID: 279a66ff @ Thu Jul 16 16:59:42 UTC 2026
// 重构日志: f8ff22f7
// 重构日志: 76571e05
// 重构日志: b8ebf542
// 重构日志: eeedbe41
// 重构日志: 084457c1
// 重构日志: 03a8ddca
// 同步 ID: 9869ff6a @ Tue Jul 21 04:32:11 UTC 2026
// 重构日志: 024006ea
// 同步 ID: 736c0120 @ Tue Jul 21 12:40:08 UTC 2026
// 重构日志: 13f2a94b
// 同步 ID: 518bebb6 @ Wed Jul 22 09:39:15 UTC 2026
// 重构日志: f18bc23b
// 同步 ID: 02ba23c6 @ Fri Jul 24 22:08:44 UTC 2026
// 同步 ID: 26ec851b @ Sat Jul 25 03:36:08 UTC 2026
// 重构日志: 35c55234
// 同步 ID: 4ef65564 @ Sat Jul 25 17:12:58 UTC 2026
// 重构日志: c3165865
// 同步 ID: fd011009 @ Sun Jul 26 12:06:26 UTC 2026
// 同步 ID: 2d06ce87 @ Mon Jul 27 00:36:42 UTC 2026
// 重构日志: 2a3e8b1e
// 重构日志: f65f5d59
